// Jest Snapshot v1, https://goo.gl/fbAQLP

exports[`Schedule should render Schedule component default 1`] = `
<div
  className="container"
>
  <div
    className="container_schedule"
    style={
      Object {
        "backgroundColor": undefined,
      }
    }
  >
    <div
      className="container_schedule_top"
    />
    <div
      className="container_schedule_header"
    >
      <div
        className="container_schedule_header_horario"
      >
        <h1
          className="container_schedule_header_horario_text"
        >
          Horario
        </h1>
      </div>
      <div
        className="container_schedule_header_caps"
      >
        <h1
          className="container_schedule_header_caps_text"
        >
          Lunes
        </h1>
      </div>
      <div
        className="container_schedule_header_caps"
      >
        <h1
          className="container_schedule_header_caps_text"
        >
          Martes
        </h1>
      </div>
      <div
        className="container_schedule_header_caps"
      >
        <h1
          className="container_schedule_header_caps_text"
        >
          Miércoles
        </h1>
      </div>
      <div
        className="container_schedule_header_caps"
      >
        <h1
          className="container_schedule_header_caps_text"
        >
          Jueves
        </h1>
      </div>
      <div
        className="container_schedule_header_caps"
      >
        <h1
          className="container_schedule_header_caps_text"
        >
          Viernes
        </h1>
      </div>
      <div
        className="container_schedule_header_capsSab"
      >
        <h1
          className="container_schedule_header_caps_text"
        >
          Sábado
        </h1>
      </div>
    </div>
    <div
      className="container_schedule_lineTime"
    >
      <div
        className="container_schedule_lineTime_caps"
        style={
          Object {
            "borderBottom": "",
          }
        }
      >
        <div
          className="container_schedule_lineTime_caps_text"
          style={
            Object {
              "borderRight": "",
            }
          }
        >
          <h1
            className="container_schedule_lineTime_caps_text_hour"
          >
            7:00 - 8:00
          </h1>
        </div>
        <div
          className="container_schedule_lineTime_caps_mini"
        >
          <div
            className="container_schedule_lineTime_caps_mini_course"
            style={
              Object {
                "borderRight": "",
              }
            }
          />
          <div
            className="container_schedule_lineTime_caps_mini_course"
            style={
              Object {
                "borderRight": "",
              }
            }
          />
          <div
            className="container_schedule_lineTime_caps_mini_course"
            style={
              Object {
                "borderRight": "",
              }
            }
          />
          <div
            className="container_schedule_lineTime_caps_mini_course"
            style={
              Object {
                "borderRight": "",
              }
            }
          />
          <div
            className="container_schedule_lineTime_caps_mini_course"
            style={
              Object {
                "borderRight": "",
              }
            }
          />
          <div
            className="container_schedule_lineTime_caps_mini_courseSat"
            style={
              Object {
                "backgroundColor": undefined,
              }
            }
          />
        </div>
      </div>
      <div
        className="container_schedule_lineTime_caps"
        style={
          Object {
            "borderBottom": "",
          }
        }
      >
        <div
          className="container_schedule_lineTime_caps_text"
          style={
            Object {
              "borderRight": "",
            }
          }
        >
          <h1
            className="container_schedule_lineTime_caps_text_hour"
          >
            8:00 - 9:00
          </h1>
        </div>
        <div
          className="container_schedule_lineTime_caps_mini"
        >
          <div
            className="container_schedule_lineTime_caps_mini_course"
            style={
              Object {
                "borderRight": "",
              }
            }
          />
          <div
            className="container_schedule_lineTime_caps_mini_course"
            style={
              Object {
                "borderRight": "",
              }
            }
          />
          <div
            className="container_schedule_lineTime_caps_mini_course"
            style={
              Object {
                "borderRight": "",
              }
            }
          />
          <div
            className="container_schedule_lineTime_caps_mini_course"
            style={
              Object {
                "borderRight": "",
              }
            }
          />
          <div
            className="container_schedule_lineTime_caps_mini_course"
            style={
              Object {
                "borderRight": "",
              }
            }
          />
          <div
            className="container_schedule_lineTime_caps_mini_courseSat"
            style={
              Object {
                "backgroundColor": undefined,
              }
            }
          />
        </div>
      </div>
      <div
        className="container_schedule_lineTime_caps"
        style={
          Object {
            "borderBottom": "",
          }
        }
      >
        <div
          className="container_schedule_lineTime_caps_text"
          style={
            Object {
              "borderRight": "",
            }
          }
        >
          <h1
            className="container_schedule_lineTime_caps_text_hour"
          >
            9:00 - 10:00
          </h1>
        </div>
        <div
          className="container_schedule_lineTime_caps_mini"
        >
          <div
            className="container_schedule_lineTime_caps_mini_course"
            style={
              Object {
                "borderRight": "",
              }
            }
          />
          <div
            className="container_schedule_lineTime_caps_mini_course"
            style={
              Object {
                "borderRight": "",
              }
            }
          />
          <div
            className="container_schedule_lineTime_caps_mini_course"
            style={
              Object {
                "borderRight": "",
              }
            }
          />
          <div
            className="container_schedule_lineTime_caps_mini_course"
            style={
              Object {
                "borderRight": "",
              }
            }
          />
          <div
            className="container_schedule_lineTime_caps_mini_course"
            style={
              Object {
                "borderRight": "",
              }
            }
          />
          <div
            className="container_schedule_lineTime_caps_mini_courseSat"
            style={
              Object {
                "backgroundColor": undefined,
              }
            }
          />
        </div>
      </div>
      <div
        className="container_schedule_lineTime_caps"
        style={
          Object {
            "borderBottom": "",
          }
        }
      >
        <div
          className="container_schedule_lineTime_caps_text"
          style={
            Object {
              "borderRight": "",
            }
          }
        >
          <h1
            className="container_schedule_lineTime_caps_text_hour"
          >
            10:00 - 11:00
          </h1>
        </div>
        <div
          className="container_schedule_lineTime_caps_mini"
        >
          <div
            className="container_schedule_lineTime_caps_mini_course"
            style={
              Object {
                "borderRight": "",
              }
            }
          />
          <div
            className="container_schedule_lineTime_caps_mini_course"
            style={
              Object {
                "borderRight": "",
              }
            }
          />
          <div
            className="container_schedule_lineTime_caps_mini_course"
            style={
              Object {
                "borderRight": "",
              }
            }
          />
          <div
            className="container_schedule_lineTime_caps_mini_course"
            style={
              Object {
                "borderRight": "",
              }
            }
          />
          <div
            className="container_schedule_lineTime_caps_mini_course"
            style={
              Object {
                "borderRight": "",
              }
            }
          />
          <div
            className="container_schedule_lineTime_caps_mini_courseSat"
            style={
              Object {
                "backgroundColor": undefined,
              }
            }
          />
        </div>
      </div>
      <div
        className="container_schedule_lineTime_caps"
        style={
          Object {
            "borderBottom": "",
          }
        }
      >
        <div
          className="container_schedule_lineTime_caps_text"
          style={
            Object {
              "borderRight": "",
            }
          }
        >
          <h1
            className="container_schedule_lineTime_caps_text_hour"
          >
            11:00 - 12:00
          </h1>
        </div>
        <div
          className="container_schedule_lineTime_caps_mini"
        >
          <div
            className="container_schedule_lineTime_caps_mini_course"
            style={
              Object {
                "borderRight": "",
              }
            }
          />
          <div
            className="container_schedule_lineTime_caps_mini_course"
            style={
              Object {
                "borderRight": "",
              }
            }
          />
          <div
            className="container_schedule_lineTime_caps_mini_course"
            style={
              Object {
                "borderRight": "",
              }
            }
          />
          <div
            className="container_schedule_lineTime_caps_mini_course"
            style={
              Object {
                "borderRight": "",
              }
            }
          />
          <div
            className="container_schedule_lineTime_caps_mini_course"
            style={
              Object {
                "borderRight": "",
              }
            }
          />
          <div
            className="container_schedule_lineTime_caps_mini_courseSat"
            style={
              Object {
                "backgroundColor": undefined,
              }
            }
          />
        </div>
      </div>
      <div
        className="container_schedule_lineTime_caps"
        style={
          Object {
            "borderBottom": "",
          }
        }
      >
        <div
          className="container_schedule_lineTime_caps_text"
          style={
            Object {
              "borderRight": "",
            }
          }
        >
          <h1
            className="container_schedule_lineTime_caps_text_hour"
          >
            12:00 - 13:00
          </h1>
        </div>
        <div
          className="container_schedule_lineTime_caps_mini"
        >
          <div
            className="container_schedule_lineTime_caps_mini_course"
            style={
              Object {
                "borderRight": "",
              }
            }
          />
          <div
            className="container_schedule_lineTime_caps_mini_course"
            style={
              Object {
                "borderRight": "",
              }
            }
          />
          <div
            className="container_schedule_lineTime_caps_mini_course"
            style={
              Object {
                "borderRight": "",
              }
            }
          />
          <div
            className="container_schedule_lineTime_caps_mini_course"
            style={
              Object {
                "borderRight": "",
              }
            }
          />
          <div
            className="container_schedule_lineTime_caps_mini_course"
            style={
              Object {
                "borderRight": "",
              }
            }
          />
          <div
            className="container_schedule_lineTime_caps_mini_courseSat"
            style={
              Object {
                "backgroundColor": undefined,
              }
            }
          />
        </div>
      </div>
      <div
        className="container_schedule_lineTime_caps"
        style={
          Object {
            "borderBottom": "",
          }
        }
      >
        <div
          className="container_schedule_lineTime_caps_text"
          style={
            Object {
              "borderRight": "",
            }
          }
        >
          <h1
            className="container_schedule_lineTime_caps_text_hour"
          >
            13:00 - 14:00
          </h1>
        </div>
        <div
          className="container_schedule_lineTime_caps_mini"
        >
          <div
            className="container_schedule_lineTime_caps_mini_course"
            style={
              Object {
                "borderRight": "",
              }
            }
          />
          <div
            className="container_schedule_lineTime_caps_mini_course"
            style={
              Object {
                "borderRight": "",
              }
            }
          />
          <div
            className="container_schedule_lineTime_caps_mini_course"
            style={
              Object {
                "borderRight": "",
              }
            }
          />
          <div
            className="container_schedule_lineTime_caps_mini_course"
            style={
              Object {
                "borderRight": "",
              }
            }
          />
          <div
            className="container_schedule_lineTime_caps_mini_course"
            style={
              Object {
                "borderRight": "",
              }
            }
          />
          <div
            className="container_schedule_lineTime_caps_mini_courseSat"
            style={
              Object {
                "backgroundColor": undefined,
              }
            }
          />
        </div>
      </div>
      <div
        className="container_schedule_lineTime_caps"
        style={
          Object {
            "borderBottom": "",
          }
        }
      >
        <div
          className="container_schedule_lineTime_caps_text"
          style={
            Object {
              "borderRight": "",
            }
          }
        >
          <h1
            className="container_schedule_lineTime_caps_text_hour"
          >
            14:00 - 15:00
          </h1>
        </div>
        <div
          className="container_schedule_lineTime_caps_mini"
        >
          <div
            className="container_schedule_lineTime_caps_mini_course"
            style={
              Object {
                "borderRight": "",
              }
            }
          />
          <div
            className="container_schedule_lineTime_caps_mini_course"
            style={
              Object {
                "borderRight": "",
              }
            }
          />
          <div
            className="container_schedule_lineTime_caps_mini_course"
            style={
              Object {
                "borderRight": "",
              }
            }
          />
          <div
            className="container_schedule_lineTime_caps_mini_course"
            style={
              Object {
                "borderRight": "",
              }
            }
          />
          <div
            className="container_schedule_lineTime_caps_mini_course"
            style={
              Object {
                "borderRight": "",
              }
            }
          />
          <div
            className="container_schedule_lineTime_caps_mini_courseSat"
            style={
              Object {
                "backgroundColor": undefined,
              }
            }
          />
        </div>
      </div>
      <div
        className="container_schedule_lineTime_caps"
        style={
          Object {
            "borderBottom": "",
          }
        }
      >
        <div
          className="container_schedule_lineTime_caps_text"
          style={
            Object {
              "borderRight": "",
            }
          }
        >
          <h1
            className="container_schedule_lineTime_caps_text_hour"
          >
            15:00 - 16:00
          </h1>
        </div>
        <div
          className="container_schedule_lineTime_caps_mini"
        >
          <div
            className="container_schedule_lineTime_caps_mini_course"
            style={
              Object {
                "borderRight": "",
              }
            }
          />
          <div
            className="container_schedule_lineTime_caps_mini_course"
            style={
              Object {
                "borderRight": "",
              }
            }
          />
          <div
            className="container_schedule_lineTime_caps_mini_course"
            style={
              Object {
                "borderRight": "",
              }
            }
          />
          <div
            className="container_schedule_lineTime_caps_mini_course"
            style={
              Object {
                "borderRight": "",
              }
            }
          />
          <div
            className="container_schedule_lineTime_caps_mini_course"
            style={
              Object {
                "borderRight": "",
              }
            }
          />
          <div
            className="container_schedule_lineTime_caps_mini_courseSat"
            style={
              Object {
                "backgroundColor": undefined,
              }
            }
          />
        </div>
      </div>
      <div
        className="container_schedule_lineTime_caps"
        style={
          Object {
            "borderBottom": "",
          }
        }
      >
        <div
          className="container_schedule_lineTime_caps_text"
          style={
            Object {
              "borderRight": "",
            }
          }
        >
          <h1
            className="container_schedule_lineTime_caps_text_hour"
          >
            16:00 - 17:00
          </h1>
        </div>
        <div
          className="container_schedule_lineTime_caps_mini"
        >
          <div
            className="container_schedule_lineTime_caps_mini_course"
            style={
              Object {
                "borderRight": "",
              }
            }
          />
          <div
            className="container_schedule_lineTime_caps_mini_course"
            style={
              Object {
                "borderRight": "",
              }
            }
          />
          <div
            className="container_schedule_lineTime_caps_mini_course"
            style={
              Object {
                "borderRight": "",
              }
            }
          />
          <div
            className="container_schedule_lineTime_caps_mini_course"
            style={
              Object {
                "borderRight": "",
              }
            }
          />
          <div
            className="container_schedule_lineTime_caps_mini_course"
            style={
              Object {
                "borderRight": "",
              }
            }
          />
          <div
            className="container_schedule_lineTime_caps_mini_courseSat"
            style={
              Object {
                "backgroundColor": undefined,
              }
            }
          />
        </div>
      </div>
      <div
        className="container_schedule_lineTime_caps"
        style={
          Object {
            "borderBottom": "",
          }
        }
      >
        <div
          className="container_schedule_lineTime_caps_text"
          style={
            Object {
              "borderRight": "",
            }
          }
        >
          <h1
            className="container_schedule_lineTime_caps_text_hour"
          >
            17:00 - 18:00
          </h1>
        </div>
        <div
          className="container_schedule_lineTime_caps_mini"
        >
          <div
            className="container_schedule_lineTime_caps_mini_course"
            style={
              Object {
                "borderRight": "",
              }
            }
          />
          <div
            className="container_schedule_lineTime_caps_mini_course"
            style={
              Object {
                "borderRight": "",
              }
            }
          />
          <div
            className="container_schedule_lineTime_caps_mini_course"
            style={
              Object {
                "borderRight": "",
              }
            }
          />
          <div
            className="container_schedule_lineTime_caps_mini_course"
            style={
              Object {
                "borderRight": "",
              }
            }
          />
          <div
            className="container_schedule_lineTime_caps_mini_course"
            style={
              Object {
                "borderRight": "",
              }
            }
          />
          <div
            className="container_schedule_lineTime_caps_mini_courseSat"
            style={
              Object {
                "backgroundColor": undefined,
              }
            }
          />
        </div>
      </div>
      <div
        className="container_schedule_lineTime_caps"
        style={
          Object {
            "borderBottom": "",
          }
        }
      >
        <div
          className="container_schedule_lineTime_caps_text"
          style={
            Object {
              "borderRight": "",
            }
          }
        >
          <h1
            className="container_schedule_lineTime_caps_text_hour"
          >
            18:00 - 19:00
          </h1>
        </div>
        <div
          className="container_schedule_lineTime_caps_mini"
        >
          <div
            className="container_schedule_lineTime_caps_mini_course"
            style={
              Object {
                "borderRight": "",
              }
            }
          />
          <div
            className="container_schedule_lineTime_caps_mini_course"
            style={
              Object {
                "borderRight": "",
              }
            }
          />
          <div
            className="container_schedule_lineTime_caps_mini_course"
            style={
              Object {
                "borderRight": "",
              }
            }
          />
          <div
            className="container_schedule_lineTime_caps_mini_course"
            style={
              Object {
                "borderRight": "",
              }
            }
          />
          <div
            className="container_schedule_lineTime_caps_mini_course"
            style={
              Object {
                "borderRight": "",
              }
            }
          />
          <div
            className="container_schedule_lineTime_caps_mini_courseSat"
            style={
              Object {
                "backgroundColor": undefined,
              }
            }
          />
        </div>
      </div>
      <div
        className="container_schedule_lineTime_caps"
        style={
          Object {
            "borderBottom": "",
          }
        }
      >
        <div
          className="container_schedule_lineTime_caps_text"
          style={
            Object {
              "borderRight": "",
            }
          }
        >
          <h1
            className="container_schedule_lineTime_caps_text_hour"
          >
            19:00 - 20:00
          </h1>
        </div>
        <div
          className="container_schedule_lineTime_caps_mini"
        >
          <div
            className="container_schedule_lineTime_caps_mini_course"
            style={
              Object {
                "borderRight": "",
              }
            }
          />
          <div
            className="container_schedule_lineTime_caps_mini_course"
            style={
              Object {
                "borderRight": "",
              }
            }
          />
          <div
            className="container_schedule_lineTime_caps_mini_course"
            style={
              Object {
                "borderRight": "",
              }
            }
          />
          <div
            className="container_schedule_lineTime_caps_mini_course"
            style={
              Object {
                "borderRight": "",
              }
            }
          />
          <div
            className="container_schedule_lineTime_caps_mini_course"
            style={
              Object {
                "borderRight": "",
              }
            }
          />
          <div
            className="container_schedule_lineTime_caps_mini_courseSat"
            style={
              Object {
                "backgroundColor": undefined,
              }
            }
          />
        </div>
      </div>
      <div
        className="container_schedule_lineTime_capsEnd"
        style={
          Object {
            "borderBottom": "",
          }
        }
      >
        <div
          className="container_schedule_lineTime_caps_text"
          style={
            Object {
              "borderRight": "",
            }
          }
        >
          <h1
            className="container_schedule_lineTime_caps_text_hour"
          >
            20:00 - 21:00
          </h1>
        </div>
        <div
          className="container_schedule_lineTime_caps_mini"
        >
          <div
            className="container_schedule_lineTime_caps_mini_course"
            style={
              Object {
                "borderRight": "",
              }
            }
          />
          <div
            className="container_schedule_lineTime_caps_mini_course"
            style={
              Object {
                "borderRight": "",
              }
            }
          />
          <div
            className="container_schedule_lineTime_caps_mini_course"
            style={
              Object {
                "borderRight": "",
              }
            }
          />
          <div
            className="container_schedule_lineTime_caps_mini_course"
            style={
              Object {
                "borderRight": "",
              }
            }
          />
          <div
            className="container_schedule_lineTime_caps_mini_course"
            style={
              Object {
                "borderRight": "",
              }
            }
          />
          <div
            className="container_schedule_lineTime_caps_mini_courseSat"
            style={
              Object {
                "backgroundColor": undefined,
              }
            }
          />
        </div>
      </div>
    </div>
  </div>
</div>
`;

exports[`Schedule should render Schedule component with data 1`] = `
<div
  className="container"
>
  <div
    className="container_schedule"
    style={
      Object {
        "backgroundColor": undefined,
      }
    }
  >
    <div
      className="container_schedule_top"
    />
    <div
      className="container_schedule_header"
    >
      <div
        className="container_schedule_header_horario"
      >
        <h1
          className="container_schedule_header_horario_text"
        >
          Horario
        </h1>
      </div>
      <div
        className="container_schedule_header_caps"
      >
        <h1
          className="container_schedule_header_caps_text"
        >
          Lunes
        </h1>
      </div>
      <div
        className="container_schedule_header_caps"
      >
        <h1
          className="container_schedule_header_caps_text"
        >
          Martes
        </h1>
      </div>
      <div
        className="container_schedule_header_caps"
      >
        <h1
          className="container_schedule_header_caps_text"
        >
          Miércoles
        </h1>
      </div>
      <div
        className="container_schedule_header_caps"
      >
        <h1
          className="container_schedule_header_caps_text"
        >
          Jueves
        </h1>
      </div>
      <div
        className="container_schedule_header_caps"
      >
        <h1
          className="container_schedule_header_caps_text"
        >
          Viernes
        </h1>
      </div>
      <div
        className="container_schedule_header_capsSab"
      >
        <h1
          className="container_schedule_header_caps_text"
        >
          Sábado
        </h1>
      </div>
    </div>
    <div
      className="container_schedule_lineTime"
    >
      <div
        className="container_schedule_lineTime_caps"
        style={
          Object {
            "borderBottom": "",
          }
        }
      >
        <div
          className="container_schedule_lineTime_caps_text"
          style={
            Object {
              "borderRight": "",
            }
          }
        >
          <h1
            className="container_schedule_lineTime_caps_text_hour"
          >
            7:00 - 8:00
          </h1>
        </div>
        <div
          className="container_schedule_lineTime_caps_mini"
        >
          <div
            className="container_schedule_lineTime_caps_mini_course"
            style={
              Object {
                "borderRight": "",
              }
            }
          >
            <div
              className="container"
              style={
                Object {
                  "background": "red",
                }
              }
            >
              <h1
                className="container_text"
              >
                Procesamiento de Lenguaje Natural
              </h1>
            </div>
          </div>
          <div
            className="container_schedule_lineTime_caps_mini_course"
            style={
              Object {
                "borderRight": "",
              }
            }
          />
          <div
            className="container_schedule_lineTime_caps_mini_course"
            style={
              Object {
                "borderRight": "",
              }
            }
          >
            <div
              className="container"
              style={
                Object {
                  "background": "red",
                }
              }
            >
              <h1
                className="container_text"
              >
                Procesamiento de Lenguaje Natural
              </h1>
            </div>
          </div>
          <div
            className="container_schedule_lineTime_caps_mini_course"
            style={
              Object {
                "borderRight": "",
              }
            }
          >
            <div
              className="container"
              style={
                Object {
                  "background": "red",
                }
              }
            >
              <h1
                className="container_text"
              >
                Procesamiento de Lenguaje Natural
              </h1>
            </div>
          </div>
          <div
            className="container_schedule_lineTime_caps_mini_course"
            style={
              Object {
                "borderRight": "",
              }
            }
          />
          <div
            className="container_schedule_lineTime_caps_mini_courseSat"
            style={
              Object {
                "backgroundColor": undefined,
              }
            }
          >
            <div
              className="container"
              style={
                Object {
                  "background": "red",
                }
              }
            >
              <h1
                className="container_text"
              >
                Procesamiento de Lenguaje Natural
              </h1>
            </div>
          </div>
        </div>
      </div>
      <div
        className="container_schedule_lineTime_caps"
        style={
          Object {
            "borderBottom": "",
          }
        }
      >
        <div
          className="container_schedule_lineTime_caps_text"
          style={
            Object {
              "borderRight": "",
            }
          }
        >
          <h1
            className="container_schedule_lineTime_caps_text_hour"
          >
            8:00 - 9:00
          </h1>
        </div>
        <div
          className="container_schedule_lineTime_caps_mini"
        >
          <div
            className="container_schedule_lineTime_caps_mini_course"
            style={
              Object {
                "borderRight": "",
              }
            }
          >
            <div
              className="container"
              style={
                Object {
                  "background": "red",
                }
              }
            >
              <h1
                className="container_text"
              >
                Procesamiento de Lenguaje Natural
              </h1>
            </div>
          </div>
          <div
            className="container_schedule_lineTime_caps_mini_course"
            style={
              Object {
                "borderRight": "",
              }
            }
          />
          <div
            className="container_schedule_lineTime_caps_mini_course"
            style={
              Object {
                "borderRight": "",
              }
            }
          >
            <div
              className="container"
              style={
                Object {
                  "background": "red",
                }
              }
            >
              <h1
                className="container_text"
              >
                Procesamiento de Lenguaje Natural
              </h1>
            </div>
          </div>
          <div
            className="container_schedule_lineTime_caps_mini_course"
            style={
              Object {
                "borderRight": "",
              }
            }
          />
          <div
            className="container_schedule_lineTime_caps_mini_course"
            style={
              Object {
                "borderRight": "",
              }
            }
          />
          <div
            className="container_schedule_lineTime_caps_mini_courseSat"
            style={
              Object {
                "backgroundColor": undefined,
              }
            }
          />
        </div>
      </div>
      <div
        className="container_schedule_lineTime_caps"
        style={
          Object {
            "borderBottom": "",
          }
        }
      >
        <div
          className="container_schedule_lineTime_caps_text"
          style={
            Object {
              "borderRight": "",
            }
          }
        >
          <h1
            className="container_schedule_lineTime_caps_text_hour"
          >
            9:00 - 10:00
          </h1>
        </div>
        <div
          className="container_schedule_lineTime_caps_mini"
        >
          <div
            className="container_schedule_lineTime_caps_mini_course"
            style={
              Object {
                "borderRight": "",
              }
            }
          />
          <div
            className="container_schedule_lineTime_caps_mini_course"
            style={
              Object {
                "borderRight": "",
              }
            }
          />
          <div
            className="container_schedule_lineTime_caps_mini_course"
            style={
              Object {
                "borderRight": "",
              }
            }
          />
          <div
            className="container_schedule_lineTime_caps_mini_course"
            style={
              Object {
                "borderRight": "",
              }
            }
          />
          <div
            className="container_schedule_lineTime_caps_mini_course"
            style={
              Object {
                "borderRight": "",
              }
            }
          />
          <div
            className="container_schedule_lineTime_caps_mini_courseSat"
            style={
              Object {
                "backgroundColor": undefined,
              }
            }
          />
        </div>
      </div>
      <div
        className="container_schedule_lineTime_caps"
        style={
          Object {
            "borderBottom": "",
          }
        }
      >
        <div
          className="container_schedule_lineTime_caps_text"
          style={
            Object {
              "borderRight": "",
            }
          }
        >
          <h1
            className="container_schedule_lineTime_caps_text_hour"
          >
            10:00 - 11:00
          </h1>
        </div>
        <div
          className="container_schedule_lineTime_caps_mini"
        >
          <div
            className="container_schedule_lineTime_caps_mini_course"
            style={
              Object {
                "borderRight": "",
              }
            }
          />
          <div
            className="container_schedule_lineTime_caps_mini_course"
            style={
              Object {
                "borderRight": "",
              }
            }
          />
          <div
            className="container_schedule_lineTime_caps_mini_course"
            style={
              Object {
                "borderRight": "",
              }
            }
          />
          <div
            className="container_schedule_lineTime_caps_mini_course"
            style={
              Object {
                "borderRight": "",
              }
            }
          />
          <div
            className="container_schedule_lineTime_caps_mini_course"
            style={
              Object {
                "borderRight": "",
              }
            }
          />
          <div
            className="container_schedule_lineTime_caps_mini_courseSat"
            style={
              Object {
                "backgroundColor": undefined,
              }
            }
          />
        </div>
      </div>
      <div
        className="container_schedule_lineTime_caps"
        style={
          Object {
            "borderBottom": "",
          }
        }
      >
        <div
          className="container_schedule_lineTime_caps_text"
          style={
            Object {
              "borderRight": "",
            }
          }
        >
          <h1
            className="container_schedule_lineTime_caps_text_hour"
          >
            11:00 - 12:00
          </h1>
        </div>
        <div
          className="container_schedule_lineTime_caps_mini"
        >
          <div
            className="container_schedule_lineTime_caps_mini_course"
            style={
              Object {
                "borderRight": "",
              }
            }
          />
          <div
            className="container_schedule_lineTime_caps_mini_course"
            style={
              Object {
                "borderRight": "",
              }
            }
          />
          <div
            className="container_schedule_lineTime_caps_mini_course"
            style={
              Object {
                "borderRight": "",
              }
            }
          />
          <div
            className="container_schedule_lineTime_caps_mini_course"
            style={
              Object {
                "borderRight": "",
              }
            }
          />
          <div
            className="container_schedule_lineTime_caps_mini_course"
            style={
              Object {
                "borderRight": "",
              }
            }
          />
          <div
            className="container_schedule_lineTime_caps_mini_courseSat"
            style={
              Object {
                "backgroundColor": undefined,
              }
            }
          />
        </div>
      </div>
      <div
        className="container_schedule_lineTime_caps"
        style={
          Object {
            "borderBottom": "",
          }
        }
      >
        <div
          className="container_schedule_lineTime_caps_text"
          style={
            Object {
              "borderRight": "",
            }
          }
        >
          <h1
            className="container_schedule_lineTime_caps_text_hour"
          >
            12:00 - 13:00
          </h1>
        </div>
        <div
          className="container_schedule_lineTime_caps_mini"
        >
          <div
            className="container_schedule_lineTime_caps_mini_course"
            style={
              Object {
                "borderRight": "",
              }
            }
          />
          <div
            className="container_schedule_lineTime_caps_mini_course"
            style={
              Object {
                "borderRight": "",
              }
            }
          />
          <div
            className="container_schedule_lineTime_caps_mini_course"
            style={
              Object {
                "borderRight": "",
              }
            }
          />
          <div
            className="container_schedule_lineTime_caps_mini_course"
            style={
              Object {
                "borderRight": "",
              }
            }
          />
          <div
            className="container_schedule_lineTime_caps_mini_course"
            style={
              Object {
                "borderRight": "",
              }
            }
          />
          <div
            className="container_schedule_lineTime_caps_mini_courseSat"
            style={
              Object {
                "backgroundColor": undefined,
              }
            }
          />
        </div>
      </div>
      <div
        className="container_schedule_lineTime_caps"
        style={
          Object {
            "borderBottom": "",
          }
        }
      >
        <div
          className="container_schedule_lineTime_caps_text"
          style={
            Object {
              "borderRight": "",
            }
          }
        >
          <h1
            className="container_schedule_lineTime_caps_text_hour"
          >
            13:00 - 14:00
          </h1>
        </div>
        <div
          className="container_schedule_lineTime_caps_mini"
        >
          <div
            className="container_schedule_lineTime_caps_mini_course"
            style={
              Object {
                "borderRight": "",
              }
            }
          />
          <div
            className="container_schedule_lineTime_caps_mini_course"
            style={
              Object {
                "borderRight": "",
              }
            }
          />
          <div
            className="container_schedule_lineTime_caps_mini_course"
            style={
              Object {
                "borderRight": "",
              }
            }
          />
          <div
            className="container_schedule_lineTime_caps_mini_course"
            style={
              Object {
                "borderRight": "",
              }
            }
          />
          <div
            className="container_schedule_lineTime_caps_mini_course"
            style={
              Object {
                "borderRight": "",
              }
            }
          />
          <div
            className="container_schedule_lineTime_caps_mini_courseSat"
            style={
              Object {
                "backgroundColor": undefined,
              }
            }
          />
        </div>
      </div>
      <div
        className="container_schedule_lineTime_caps"
        style={
          Object {
            "borderBottom": "",
          }
        }
      >
        <div
          className="container_schedule_lineTime_caps_text"
          style={
            Object {
              "borderRight": "",
            }
          }
        >
          <h1
            className="container_schedule_lineTime_caps_text_hour"
          >
            14:00 - 15:00
          </h1>
        </div>
        <div
          className="container_schedule_lineTime_caps_mini"
        >
          <div
            className="container_schedule_lineTime_caps_mini_course"
            style={
              Object {
                "borderRight": "",
              }
            }
          >
            <div
              className="container"
              style={
                Object {
                  "background": "black",
                }
              }
            >
              <h1
                className="container_text"
              >
                Programación II
              </h1>
            </div>
          </div>
          <div
            className="container_schedule_lineTime_caps_mini_course"
            style={
              Object {
                "borderRight": "",
              }
            }
          />
          <div
            className="container_schedule_lineTime_caps_mini_course"
            style={
              Object {
                "borderRight": "",
              }
            }
          >
            <div
              className="container"
              style={
                Object {
                  "background": "black",
                }
              }
            >
              <h1
                className="container_text"
              >
                Programación II
              </h1>
            </div>
          </div>
          <div
            className="container_schedule_lineTime_caps_mini_course"
            style={
              Object {
                "borderRight": "",
              }
            }
          />
          <div
            className="container_schedule_lineTime_caps_mini_course"
            style={
              Object {
                "borderRight": "",
              }
            }
          />
          <div
            className="container_schedule_lineTime_caps_mini_courseSat"
            style={
              Object {
                "backgroundColor": undefined,
              }
            }
          />
        </div>
      </div>
      <div
        className="container_schedule_lineTime_caps"
        style={
          Object {
            "borderBottom": "",
          }
        }
      >
        <div
          className="container_schedule_lineTime_caps_text"
          style={
            Object {
              "borderRight": "",
            }
          }
        >
          <h1
            className="container_schedule_lineTime_caps_text_hour"
          >
            15:00 - 16:00
          </h1>
        </div>
        <div
          className="container_schedule_lineTime_caps_mini"
        >
          <div
            className="container_schedule_lineTime_caps_mini_course"
            style={
              Object {
                "borderRight": "",
              }
            }
          >
            <div
              className="container"
              style={
                Object {
                  "background": "black",
                }
              }
            >
              <h1
                className="container_text"
              >
                Programación II
              </h1>
            </div>
          </div>
          <div
            className="container_schedule_lineTime_caps_mini_course"
            style={
              Object {
                "borderRight": "",
              }
            }
          />
          <div
            className="container_schedule_lineTime_caps_mini_course"
            style={
              Object {
                "borderRight": "",
              }
            }
          >
            <div
              className="container"
              style={
                Object {
                  "background": "black",
                }
              }
            >
              <h1
                className="container_text"
              >
                Programación II
              </h1>
            </div>
          </div>
          <div
            className="container_schedule_lineTime_caps_mini_course"
            style={
              Object {
                "borderRight": "",
              }
            }
          />
          <div
            className="container_schedule_lineTime_caps_mini_course"
            style={
              Object {
                "borderRight": "",
              }
            }
          />
          <div
            className="container_schedule_lineTime_caps_mini_courseSat"
            style={
              Object {
                "backgroundColor": undefined,
              }
            }
          >
            <div
              className="container"
              style={
                Object {
                  "background": "black",
                }
              }
            >
              <h1
                className="container_text"
              >
                Programación II
              </h1>
            </div>
          </div>
        </div>
      </div>
      <div
        className="container_schedule_lineTime_caps"
        style={
          Object {
            "borderBottom": "",
          }
        }
      >
        <div
          className="container_schedule_lineTime_caps_text"
          style={
            Object {
              "borderRight": "",
            }
          }
        >
          <h1
            className="container_schedule_lineTime_caps_text_hour"
          >
            16:00 - 17:00
          </h1>
        </div>
        <div
          className="container_schedule_lineTime_caps_mini"
        >
          <div
            className="container_schedule_lineTime_caps_mini_course"
            style={
              Object {
                "borderRight": "",
              }
            }
          />
          <div
            className="container_schedule_lineTime_caps_mini_course"
            style={
              Object {
                "borderRight": "",
              }
            }
          />
          <div
            className="container_schedule_lineTime_caps_mini_course"
            style={
              Object {
                "borderRight": "",
              }
            }
          />
          <div
            className="container_schedule_lineTime_caps_mini_course"
            style={
              Object {
                "borderRight": "",
              }
            }
          />
          <div
            className="container_schedule_lineTime_caps_mini_course"
            style={
              Object {
                "borderRight": "",
              }
            }
          />
          <div
            className="container_schedule_lineTime_caps_mini_courseSat"
            style={
              Object {
                "backgroundColor": undefined,
              }
            }
          />
        </div>
      </div>
      <div
        className="container_schedule_lineTime_caps"
        style={
          Object {
            "borderBottom": "",
          }
        }
      >
        <div
          className="container_schedule_lineTime_caps_text"
          style={
            Object {
              "borderRight": "",
            }
          }
        >
          <h1
            className="container_schedule_lineTime_caps_text_hour"
          >
            17:00 - 18:00
          </h1>
        </div>
        <div
          className="container_schedule_lineTime_caps_mini"
        >
          <div
            className="container_schedule_lineTime_caps_mini_course"
            style={
              Object {
                "borderRight": "",
              }
            }
          />
          <div
            className="container_schedule_lineTime_caps_mini_course"
            style={
              Object {
                "borderRight": "",
              }
            }
          />
          <div
            className="container_schedule_lineTime_caps_mini_course"
            style={
              Object {
                "borderRight": "",
              }
            }
          />
          <div
            className="container_schedule_lineTime_caps_mini_course"
            style={
              Object {
                "borderRight": "",
              }
            }
          />
          <div
            className="container_schedule_lineTime_caps_mini_course"
            style={
              Object {
                "borderRight": "",
              }
            }
          />
          <div
            className="container_schedule_lineTime_caps_mini_courseSat"
            style={
              Object {
                "backgroundColor": undefined,
              }
            }
          />
        </div>
      </div>
      <div
        className="container_schedule_lineTime_caps"
        style={
          Object {
            "borderBottom": "",
          }
        }
      >
        <div
          className="container_schedule_lineTime_caps_text"
          style={
            Object {
              "borderRight": "",
            }
          }
        >
          <h1
            className="container_schedule_lineTime_caps_text_hour"
          >
            18:00 - 19:00
          </h1>
        </div>
        <div
          className="container_schedule_lineTime_caps_mini"
        >
          <div
            className="container_schedule_lineTime_caps_mini_course"
            style={
              Object {
                "borderRight": "",
              }
            }
          />
          <div
            className="container_schedule_lineTime_caps_mini_course"
            style={
              Object {
                "borderRight": "",
              }
            }
          />
          <div
            className="container_schedule_lineTime_caps_mini_course"
            style={
              Object {
                "borderRight": "",
              }
            }
          />
          <div
            className="container_schedule_lineTime_caps_mini_course"
            style={
              Object {
                "borderRight": "",
              }
            }
          />
          <div
            className="container_schedule_lineTime_caps_mini_course"
            style={
              Object {
                "borderRight": "",
              }
            }
          />
          <div
            className="container_schedule_lineTime_caps_mini_courseSat"
            style={
              Object {
                "backgroundColor": undefined,
              }
            }
          />
        </div>
      </div>
      <div
        className="container_schedule_lineTime_caps"
        style={
          Object {
            "borderBottom": "",
          }
        }
      >
        <div
          className="container_schedule_lineTime_caps_text"
          style={
            Object {
              "borderRight": "",
            }
          }
        >
          <h1
            className="container_schedule_lineTime_caps_text_hour"
          >
            19:00 - 20:00
          </h1>
        </div>
        <div
          className="container_schedule_lineTime_caps_mini"
        >
          <div
            className="container_schedule_lineTime_caps_mini_course"
            style={
              Object {
                "borderRight": "",
              }
            }
          />
          <div
            className="container_schedule_lineTime_caps_mini_course"
            style={
              Object {
                "borderRight": "",
              }
            }
          />
          <div
            className="container_schedule_lineTime_caps_mini_course"
            style={
              Object {
                "borderRight": "",
              }
            }
          />
          <div
            className="container_schedule_lineTime_caps_mini_course"
            style={
              Object {
                "borderRight": "",
              }
            }
          />
          <div
            className="container_schedule_lineTime_caps_mini_course"
            style={
              Object {
                "borderRight": "",
              }
            }
          />
          <div
            className="container_schedule_lineTime_caps_mini_courseSat"
            style={
              Object {
                "backgroundColor": undefined,
              }
            }
          />
        </div>
      </div>
      <div
        className="container_schedule_lineTime_capsEnd"
        style={
          Object {
            "borderBottom": "",
          }
        }
      >
        <div
          className="container_schedule_lineTime_caps_text"
          style={
            Object {
              "borderRight": "",
            }
          }
        >
          <h1
            className="container_schedule_lineTime_caps_text_hour"
          >
            20:00 - 21:00
          </h1>
        </div>
        <div
          className="container_schedule_lineTime_caps_mini"
        >
          <div
            className="container_schedule_lineTime_caps_mini_course"
            style={
              Object {
                "borderRight": "",
              }
            }
          />
          <div
            className="container_schedule_lineTime_caps_mini_course"
            style={
              Object {
                "borderRight": "",
              }
            }
          >
            <div
              className="container"
              style={
                Object {
                  "background": "black",
                }
              }
            >
              <h1
                className="container_text"
              >
                Programación II
              </h1>
            </div>
          </div>
          <div
            className="container_schedule_lineTime_caps_mini_course"
            style={
              Object {
                "borderRight": "",
              }
            }
          />
          <div
            className="container_schedule_lineTime_caps_mini_course"
            style={
              Object {
                "borderRight": "",
              }
            }
          />
          <div
            className="container_schedule_lineTime_caps_mini_course"
            style={
              Object {
                "borderRight": "",
              }
            }
          />
          <div
            className="container_schedule_lineTime_caps_mini_courseSat"
            style={
              Object {
                "backgroundColor": undefined,
              }
            }
          />
        </div>
      </div>
    </div>
  </div>
</div>
`;
